main.c:93:5:main	3256	static
main.c:289:6:SystemClock_Config	248	static
main.c:373:13:MX_ADC1_Init	32	static
main.c:438:13:MX_DFSDM1_Init	8	static
main.c:476:13:MX_I2C1_Init	8	static
main.c:522:13:MX_I2C2_Init	8	static
main.c:568:13:MX_OCTOSPI1_Init	32	static
main.c:616:13:MX_SPI1_Init	8	static
main.c:656:13:MX_SPI3_Init	8	static
main.c:696:13:MX_UART4_Init	8	static
main.c:744:13:MX_USART1_UART_Init	8	static
main.c:792:13:MX_USART2_UART_Init	8	static
main.c:840:13:MX_USART3_UART_Init	8	static
main.c:888:13:MX_USB_OTG_FS_USB_Init	4	static
main.c:909:13:MX_GPIO_Init	56	static
main.c:1044:6:Error_Handler	4	static,ignoring_inline_asm
