main.c:92:5:main	16	static
main.c:153:6:SystemClock_Config	248	static
main.c:237:13:MX_ADC1_Init	32	static
main.c:302:13:MX_DFSDM1_Init	8	static
main.c:340:13:MX_I2C1_Init	8	static
main.c:386:13:MX_I2C2_Init	8	static
main.c:432:13:MX_OCTOSPI1_Init	32	static
main.c:480:13:MX_SPI1_Init	8	static
main.c:520:13:MX_SPI3_Init	8	static
main.c:560:13:MX_UART4_Init	8	static
main.c:608:13:MX_USART1_UART_Init	8	static
main.c:656:13:MX_USART2_UART_Init	8	static
main.c:704:13:MX_USART3_UART_Init	8	static
main.c:752:13:MX_USB_OTG_FS_USB_Init	4	static
main.c:773:13:MX_GPIO_Init	56	static
main.c:908:6:Error_Handler	4	static,ignoring_inline_asm
